D:\CU BOULDER\Coursework\Sem 1 - PES\Assignment_7\CMSIS/core_cm0plus.h:745:22:NVIC_EnableIRQ	16	static
D:\CU BOULDER\Coursework\Sem 1 - PES\Assignment_7\CMSIS/core_cm0plus.h:791:22:NVIC_ClearPendingIRQ	16	static
D:\CU BOULDER\Coursework\Sem 1 - PES\Assignment_7\CMSIS/core_cm0plus.h:804:22:NVIC_SetPriority	24	static
../source/DMA.c:28:6:Init_DMA_For_Playback	16	static
../source/DMA.c:54:6:Start_DMA_Playback	8	static
../source/DMA.c:66:6:update_DMA_source	16	static
../source/DMA.c:71:9:cycle_check	8	static
../source/DMA.c:75:6:reset_current_cycle	8	static
../source/DMA.c:79:6:DMA0_IRQHandler	8	static
